# name: test_query_all_forms[First result-1st-float]
  <class 'dict'> {
    'allForms': <class 'dict'> {
      'edges': <class 'list'> [
        <class 'dict'> {
          'node': <class 'dict'> {
            'description': 'First result',
            'id': 'Rm9ybTpib2R5LXBlcmhhcHM=',
            'meta': <class 'dict'> {
            },
            'name': '1st',
            'questions': <class 'dict'> {
              'edges': <class 'list'> [
                <class 'dict'> {
                  'node': <class 'dict'> {
                    'id': 'RmxvYXRRdWVzdGlvbjpjdXJyZW50LXdoZW4tdG90YWw=',
                    'label': 'David Brown',
                    'slug': 'current-when-total',
                  },
                },
              ],
            },
            'slug': 'body-perhaps',
          },
        },
        <class 'dict'> {
          'node': <class 'dict'> {
            'description': 'Second result',
            'id': 'Rm9ybTpnZXQtZXNwZWNpYWxseQ==',
            'meta': <class 'dict'> {
            },
            'name': '2nd',
            'questions': <class 'dict'> {
              'edges': <class 'list'> [
              ],
            },
            'slug': 'get-especially',
          },
        },
        <class 'dict'> {
          'node': <class 'dict'> {
            'description': 'Second result',
            'id': 'Rm9ybTptYXliZS1zdG9jay1jYXBpdGFs',
            'meta': <class 'dict'> {
            },
            'name': '3rd',
            'questions': <class 'dict'> {
              'edges': <class 'list'> [
              ],
            },
            'slug': 'maybe-stock-capital',
          },
        },
      ],
    },
  }
---
# name: test_remove_form_question
  <class 'OrderedDict'> {
    'removeFormQuestion': <class 'dict'> {
      'clientMutationId': None,
      'form': <class 'dict'> {
        'questions': <class 'dict'> {
          'edges': <class 'list'> [
          ],
        },
      },
    },
  }
---
# name: test_save_form[-de]
  <class 'OrderedDict'> {
    'saveForm': <class 'dict'> {
      'clientMutationId': 'testid',
      'form': <class 'dict'> {
        'id': 'Rm9ybTpib2R5LXBlcmhhcHM=',
        'meta': <class 'dict'> {
        },
        'name': 'Jessica Holloway',
        'slug': 'body-perhaps',
      },
    },
  }
---
# name: test_save_form[-en]
  <class 'OrderedDict'> {
    'saveForm': <class 'dict'> {
      'clientMutationId': 'testid',
      'form': <class 'dict'> {
        'id': 'Rm9ybTpib2R5LXBlcmhhcHM=',
        'meta': <class 'dict'> {
        },
        'name': 'Jessica Holloway',
        'slug': 'body-perhaps',
      },
    },
  }
---
# name: test_save_form[some description text-de]
  <class 'OrderedDict'> {
    'saveForm': <class 'dict'> {
      'clientMutationId': 'testid',
      'form': <class 'dict'> {
        'id': 'Rm9ybTpib2R5LXBlcmhhcHM=',
        'meta': <class 'dict'> {
        },
        'name': 'Jessica Holloway',
        'slug': 'body-perhaps',
      },
    },
  }
---
# name: test_save_form[some description text-en]
  <class 'OrderedDict'> {
    'saveForm': <class 'dict'> {
      'clientMutationId': 'testid',
      'form': <class 'dict'> {
        'id': 'Rm9ybTpib2R5LXBlcmhhcHM=',
        'meta': <class 'dict'> {
        },
        'name': 'Jessica Holloway',
        'slug': 'body-perhaps',
      },
    },
  }
---
