# name: test_remove_answer[integer-23]
  <class 'OrderedDict'> {
    'removeAnswer': <class 'dict'> {
      'answer': <class 'dict'> {
        '__typename': 'IntegerAnswer',
        'id': 'SW50ZWdlckFuc3dlcjpOb25l',
        'meta': <class 'dict'> {
        },
      },
      'clientMutationId': None,
    },
  }
---
